// Jest Snapshot v1, https://goo.gl/fbAQLP

exports[`with har record with har record: Test results.json 1`] = `
Object {
  "metadata": Object {
    "branchInfo": "noise_removed:branchInfo",
    "endedTimestamp": 15,
    "fileName": "noise_removed/packages/root-cause-core/lib/with-har-record.test.ts",
    "hasNetworkLogs": true,
    "systemInfo": Object {
      "automationFramework": "puppeteer",
      "browser": "chromium",
      "browserPlatform": "noise_removed:browserPlatform",
      "browserVersion": "HeadlessChrome/85.0.4182.0",
      "modelName": "noise_removed:modelName",
      "modelVersion": "noise_removed:modelVersion",
      "pageViewport": Object {
        "height": 600,
        "width": 800,
      },
      "userAgent": "noise_removed:userAgent",
    },
    "testEndStatus": Object {
      "success": true,
    },
    "testFullName": "with har record with har record",
    "testName": "with har record",
    "timestamp": 2,
  },
  "steps": Array [
    Object {
      "consoleEntries": Array [],
      "endTimestamp": 4,
      "fnName": "goto",
      "index": 1,
      "name": "goto \\"http://jsbin.testim.io/ces\\"",
      "screenshot": "1.page-goto.jpg",
      "startTimestamp": 3,
      "stepCodeLocation": Object {
        "callstack": Array [
          Object {
            "column": 15,
            "file": "lib/PuppeteerPageHooker.ts",
            "function": "PuppeteerPageHooker.makeStep",
            "line": 235,
          },
          Object {
            "column": 18,
            "file": "lib/PuppeteerPageHooker.ts",
            "function": "Proxy.rootCauseWrappedFunction",
            "line": 148,
          },
          Object {
            "column": 5,
            "file": "lib/with-har-record.test.ts",
            "function": "Object.<anonymous>",
            "line": 94,
          },
        ],
        "codeLines": Array [
          "    const { page: playedPage, endTest } = attachController;",
          "    // The delay + mousedown handler inside jsbin is to make sure the requests will stay under specific test",
          "    // Still, it might be flaky",
          "    await playedPage.goto('http://jsbin.testim.io/ces');",
          "    await playedPage.click('[data-job=GET_OK]', { delay: 800 });",
          "    await playedPage.click('[data-job=GET_404]', { delay: 800 });",
          "    await playedPage.click('[data-job=POST_OK]', { delay: 800 });",
        ],
        "column": 5,
        "fromRowNumber": 91,
        "row": 94,
        "sourceFileRelativePath": "lib/with-har-record.test.ts",
        "toRowNumber": 97,
      },
      "text": "http://jsbin.testim.io/ces",
      "unhandledExceptions": Array [],
    },
    Object {
      "consoleEntries": Array [],
      "endTimestamp": 6,
      "fnName": "click",
      "index": 2,
      "name": "click \\"[data-job=GET_OK]\\"",
      "rect": Object {
        "bottom": "possible noise removed",
        "devicePixelRatio": "possible noise removed",
        "height": "possible noise removed",
        "left": "possible noise removed",
        "right": "possible noise removed",
        "screenHeight": "possible noise removed",
        "screenWidth": "possible noise removed",
        "top": "possible noise removed",
        "width": "possible noise removed",
        "x": "possible noise removed",
        "y": "possible noise removed",
      },
      "screenshot": "2.page-click.jpg",
      "selector": "[data-job=GET_OK]",
      "startTimestamp": 5,
      "stepCodeLocation": Object {
        "callstack": Array [
          Object {
            "column": 15,
            "file": "lib/PuppeteerPageHooker.ts",
            "function": "PuppeteerPageHooker.makeStep",
            "line": 235,
          },
          Object {
            "column": 18,
            "file": "lib/PuppeteerPageHooker.ts",
            "function": "Proxy.rootCauseWrappedFunction",
            "line": 148,
          },
          Object {
            "column": 5,
            "file": "lib/with-har-record.test.ts",
            "function": "Object.<anonymous>",
            "line": 95,
          },
        ],
        "codeLines": Array [
          "    // The delay + mousedown handler inside jsbin is to make sure the requests will stay under specific test",
          "    // Still, it might be flaky",
          "    await playedPage.goto('http://jsbin.testim.io/ces');",
          "    await playedPage.click('[data-job=GET_OK]', { delay: 800 });",
          "    await playedPage.click('[data-job=GET_404]', { delay: 800 });",
          "    await playedPage.click('[data-job=POST_OK]', { delay: 800 });",
          "    await playedPage.click('[data-job=POST_404]', { delay: 800 });",
        ],
        "column": 5,
        "fromRowNumber": 92,
        "row": 95,
        "sourceFileRelativePath": "lib/with-har-record.test.ts",
        "toRowNumber": 98,
      },
      "unhandledExceptions": Array [],
    },
    Object {
      "consoleEntries": Array [
        Object {
          "args": Array [],
          "level": "error",
          "text": "Failed to load resource: the server responded with a status of 404 ()",
          "timestamp": 8,
          "url": "https://postman-echo.com/status/404",
        },
      ],
      "endTimestamp": 9,
      "fnName": "click",
      "index": 3,
      "name": "click \\"[data-job=GET_404]\\"",
      "rect": Object {
        "bottom": "possible noise removed",
        "devicePixelRatio": "possible noise removed",
        "height": "possible noise removed",
        "left": "possible noise removed",
        "right": "possible noise removed",
        "screenHeight": "possible noise removed",
        "screenWidth": "possible noise removed",
        "top": "possible noise removed",
        "width": "possible noise removed",
        "x": "possible noise removed",
        "y": "possible noise removed",
      },
      "screenshot": "3.page-click.jpg",
      "selector": "[data-job=GET_404]",
      "startTimestamp": 7,
      "stepCodeLocation": Object {
        "callstack": Array [
          Object {
            "column": 15,
            "file": "lib/PuppeteerPageHooker.ts",
            "function": "PuppeteerPageHooker.makeStep",
            "line": 235,
          },
          Object {
            "column": 18,
            "file": "lib/PuppeteerPageHooker.ts",
            "function": "Proxy.rootCauseWrappedFunction",
            "line": 148,
          },
          Object {
            "column": 5,
            "file": "lib/with-har-record.test.ts",
            "function": "Object.<anonymous>",
            "line": 96,
          },
        ],
        "codeLines": Array [
          "    // Still, it might be flaky",
          "    await playedPage.goto('http://jsbin.testim.io/ces');",
          "    await playedPage.click('[data-job=GET_OK]', { delay: 800 });",
          "    await playedPage.click('[data-job=GET_404]', { delay: 800 });",
          "    await playedPage.click('[data-job=POST_OK]', { delay: 800 });",
          "    await playedPage.click('[data-job=POST_404]', { delay: 800 });",
          "",
        ],
        "column": 5,
        "fromRowNumber": 93,
        "row": 96,
        "sourceFileRelativePath": "lib/with-har-record.test.ts",
        "toRowNumber": 99,
      },
      "unhandledExceptions": Array [],
    },
    Object {
      "consoleEntries": Array [],
      "endTimestamp": 11,
      "fnName": "click",
      "index": 4,
      "name": "click \\"[data-job=POST_OK]\\"",
      "rect": Object {
        "bottom": "possible noise removed",
        "devicePixelRatio": "possible noise removed",
        "height": "possible noise removed",
        "left": "possible noise removed",
        "right": "possible noise removed",
        "screenHeight": "possible noise removed",
        "screenWidth": "possible noise removed",
        "top": "possible noise removed",
        "width": "possible noise removed",
        "x": "possible noise removed",
        "y": "possible noise removed",
      },
      "screenshot": "4.page-click.jpg",
      "selector": "[data-job=POST_OK]",
      "startTimestamp": 10,
      "stepCodeLocation": Object {
        "callstack": Array [
          Object {
            "column": 15,
            "file": "lib/PuppeteerPageHooker.ts",
            "function": "PuppeteerPageHooker.makeStep",
            "line": 235,
          },
          Object {
            "column": 18,
            "file": "lib/PuppeteerPageHooker.ts",
            "function": "Proxy.rootCauseWrappedFunction",
            "line": 148,
          },
          Object {
            "column": 5,
            "file": "lib/with-har-record.test.ts",
            "function": "Object.<anonymous>",
            "line": 97,
          },
        ],
        "codeLines": Array [
          "    await playedPage.goto('http://jsbin.testim.io/ces');",
          "    await playedPage.click('[data-job=GET_OK]', { delay: 800 });",
          "    await playedPage.click('[data-job=GET_404]', { delay: 800 });",
          "    await playedPage.click('[data-job=POST_OK]', { delay: 800 });",
          "    await playedPage.click('[data-job=POST_404]', { delay: 800 });",
          "",
          "    await endTest({",
        ],
        "column": 5,
        "fromRowNumber": 94,
        "row": 97,
        "sourceFileRelativePath": "lib/with-har-record.test.ts",
        "toRowNumber": 100,
      },
      "unhandledExceptions": Array [],
    },
    Object {
      "consoleEntries": Array [
        Object {
          "args": Array [],
          "level": "error",
          "text": "Failed to load resource: the server responded with a status of 404 ()",
          "timestamp": 13,
          "url": "https://postman-echo.com/status/404",
        },
      ],
      "endTimestamp": 14,
      "fnName": "click",
      "index": 5,
      "name": "click \\"[data-job=POST_404]\\"",
      "rect": Object {
        "bottom": "possible noise removed",
        "devicePixelRatio": "possible noise removed",
        "height": "possible noise removed",
        "left": "possible noise removed",
        "right": "possible noise removed",
        "screenHeight": "possible noise removed",
        "screenWidth": "possible noise removed",
        "top": "possible noise removed",
        "width": "possible noise removed",
        "x": "possible noise removed",
        "y": "possible noise removed",
      },
      "screenshot": "5.page-click.jpg",
      "selector": "[data-job=POST_404]",
      "startTimestamp": 12,
      "stepCodeLocation": Object {
        "callstack": Array [
          Object {
            "column": 15,
            "file": "lib/PuppeteerPageHooker.ts",
            "function": "PuppeteerPageHooker.makeStep",
            "line": 235,
          },
          Object {
            "column": 18,
            "file": "lib/PuppeteerPageHooker.ts",
            "function": "Proxy.rootCauseWrappedFunction",
            "line": 148,
          },
          Object {
            "column": 5,
            "file": "lib/with-har-record.test.ts",
            "function": "Object.<anonymous>",
            "line": 98,
          },
        ],
        "codeLines": Array [
          "    await playedPage.click('[data-job=GET_OK]', { delay: 800 });",
          "    await playedPage.click('[data-job=GET_404]', { delay: 800 });",
          "    await playedPage.click('[data-job=POST_OK]', { delay: 800 });",
          "    await playedPage.click('[data-job=POST_404]', { delay: 800 });",
          "",
          "    await endTest({",
          "      success: true,",
        ],
        "column": 5,
        "fromRowNumber": 95,
        "row": 98,
        "sourceFileRelativePath": "lib/with-har-record.test.ts",
        "toRowNumber": 101,
      },
      "unhandledExceptions": Array [],
    },
  ],
}
`;

exports[`with har record with har record: har file content 1`] = `
Object {
  "log": Object {
    "creator": Object {
      "comment": "Created during a test executed by Testim.",
      "name": "Testim",
      "version": "1.0",
    },
    "entries": Array [
      Object {
        "request": Object {
          "comment": undefined,
          "method": "GET",
          "postData": undefined,
          "url": "http://jsbin.testim.io/ces",
        },
        "response": Object {
          "redirectURL": "",
          "status": 200,
          "statusText": "",
        },
      },
      Object {
        "request": Object {
          "comment": undefined,
          "method": "GET",
          "postData": undefined,
          "url": "http://jsbin-static.testim.io/js/render/edit.js?4.1.4",
        },
        "response": Object {
          "redirectURL": "",
          "status": 200,
          "statusText": "",
        },
      },
      Object {
        "request": Object {
          "comment": undefined,
          "method": "GET",
          "postData": undefined,
          "url": "http://jsbin-static.testim.io/css/edit.css",
        },
        "response": Object {
          "redirectURL": "",
          "status": 200,
          "statusText": "",
        },
      },
      Object {
        "request": Object {
          "comment": undefined,
          "method": "GET",
          "postData": undefined,
          "url": "http://jsbin-static.testim.io/images/favicon.png",
        },
        "response": Object {
          "redirectURL": "",
          "status": 200,
          "statusText": "",
        },
      },
      Object {
        "request": Object {
          "comment": undefined,
          "method": "GET",
          "postData": undefined,
          "url": "https://postman-echo.com/status/200",
        },
        "response": Object {
          "redirectURL": "",
          "status": 200,
          "statusText": "",
        },
      },
      Object {
        "request": Object {
          "comment": undefined,
          "method": "GET",
          "postData": undefined,
          "url": "https://postman-echo.com/status/404",
        },
        "response": Object {
          "redirectURL": "",
          "status": 404,
          "statusText": "",
        },
      },
      Object {
        "request": Object {
          "comment": undefined,
          "method": "POST",
          "postData": undefined,
          "url": "https://postman-echo.com/post",
        },
        "response": Object {
          "redirectURL": "",
          "status": 200,
          "statusText": "",
        },
      },
      Object {
        "request": Object {
          "comment": undefined,
          "method": "POST",
          "postData": undefined,
          "url": "https://postman-echo.com/status/404",
        },
        "response": Object {
          "redirectURL": "",
          "status": 404,
          "statusText": "",
        },
      },
    ],
    "pages": Array [
      Object {
        "_URL": undefined,
        "title": "http://jsbin.testim.io/ces",
      },
    ],
    "version": "1.2",
  },
}
`;
